I'm sorry, but errors were detected in your script. Please correct the
errors listed below, and try again.


File "game/script.rpy", line 186: expected 'image_name_component' not found.
    show 
         ^

Ren'Py Version: Ren'Py 7.1.3.1092
Sun Mar 10 21:25:35 2019
